// Jest Snapshot v1, https://goo.gl/fbAQLP

exports[`renders snapshot as expected 1`] = `
<div
  className="codeblock empty"
>
  Try clicking above!
</div>
`;
