// Jest Snapshot v1, https://goo.gl/fbAQLP

exports[`renders snapshot as expected 1`] = `
<header
  className="header"
>
  <div
    className="col-cont"
  >
    <div
      className="lfb-cont"
    >
      <span
        className="learnflexbox"
      >
        #
        <h1>
          learn
          <span>
            flexbox
          </span>
        </h1>
      </span>
    </div>
  </div>
  <div
    className="col-char"
  >
    <img
      alt="character"
      className="char"
      src="char-001.svg"
    />
  </div>
</header>
`;
