// Jest Snapshot v1, https://goo.gl/fbAQLP

exports[`renders snapshot as expected 1`] = `
<div>
  <p>
    Flexbox Generator is commited to helping individuals become fluent in basics of the Flexible Box Layout. We hope you use this tool to compliment your learning experience.
  </p>
</div>
`;
