// Jest Snapshot v1, https://goo.gl/fbAQLP

exports[`renders snapshot as expected 1`] = `
<div
  className="App"
>
  <main
    style={
      Object {
        "width": "100%",
      }
    }
  >
    <header
      className="header"
    >
      <div
        className="col col-cont"
      >
        <div
          className="lfb-cont"
        >
          <span
            className="learnflexbox"
          >
            #
            <h1>
              learn
              <span>
                flexbox
              </span>
            </h1>
          </span>
          <p
            className="alt-text hw"
          >
            Subscribe for 30 days of Wire-framing Challenges.
          </p>
          <div
            id="mc_embed_signup"
          >
            <form
              action="https://matbub.us17.list-manage.com/subscribe/post?u=eb89624098c8ce40b7f3b26ef&id=909f807d9f"
              className="validate"
              id="mc-embedded-subscribe-form"
              method="post"
              name="mc-embedded-subscribe-form"
              noValidate={true}
              target="_blank"
            >
              <div
                className="form-cont"
              >
                <input
                  aria-label="Repository description"
                  className="email"
                  defaultValue=""
                  id="mce-EMAIL"
                  name="EMAIL"
                  placeholder="e.g. hi@matbub.co"
                  style={
                    Object {
                      "border": 0,
                    }
                  }
                  type="email"
                />
                <div
                  className="clear"
                  id="mce-responses"
                >
                  <div
                    className="response"
                    id="mce-error-response"
                    style={
                      Object {
                        "display": "none",
                      }
                    }
                  />
                  <div
                    className="response"
                    id="mce-success-response"
                    style={
                      Object {
                        "display": "none",
                      }
                    }
                  />
                </div>
                <button
                  className="button"
                  id="mc-embedded-subscribe"
                  name="subscribe"
                  type="submit"
                >
                  Subscribe
                </button>
              </div>
            </form>
          </div>
        </div>
      </div>
      <div
        className="col col-char"
      >
        <img
          alt="character"
          className="char"
          src="char-001.svg"
        />
      </div>
    </header>
    <div
      className="layout"
    >
      <div
        className="cb-pre hom"
      >
        <section
          style={
            Object {
              "background": "#eee",
              "borderRadius": "6px",
              "display": "flex",
              "flexDirection": "column",
              "height": "450px",
              "overflowY": "scroll",
              "position": "relative",
              "width": "100%",
            }
          }
        >
          <div
            className="hover-grow"
            style={
              Object {
                "alignItems": "center",
                "display": "flex",
                "height": "100%",
                "justifyContent": "center",
              }
            }
          >
            <h2
              style={
                Object {
                  "fontFamily": "\\"Rubik\\", sans-serif",
                }
              }
            >
              Try me!
            </h2>
            <svg
              aria-hidden="true"
              className="octicon"
              dangerouslySetInnerHTML={
                Object {
                  "__html": "<path fill-rule=\\"evenodd\\" d=\\"M13.22 19.03a.75.75 0 001.06 0l6.25-6.25a.75.75 0 000-1.06l-6.25-6.25a.75.75 0 10-1.06 1.06l4.97 4.97H3.75a.75.75 0 000 1.5h14.44l-4.97 4.97a.75.75 0 000 1.06z\\"></path>",
                }
              }
              fill="currentColor"
              height={60}
              role="img"
              style={
                Object {
                  "display": "inline-block",
                  "userSelect": "none",
                  "verticalAlign": "text-bottom",
                }
              }
              viewBox="0 0 24 24"
              width={60}
            />
          </div>
        </section>
      </div>
      <div
        className="cb-con control"
      >
        <button
          act_status={false}
          className="hover-grow"
          onClick={[Function]}
          style={
            Object {
              "background": "#c8e1ff",
              "border": "none",
              "borderRadius": "6px",
              "cursor": "pointer",
              "height": "32%",
              "margin": "2px",
              "width": "32%",
            }
          }
          type="button"
        />
        <button
          act_status={false}
          className="hover-grow"
          onClick={[Function]}
          style={
            Object {
              "background": "#c8e1ff",
              "border": "none",
              "borderRadius": "6px",
              "cursor": "pointer",
              "height": "32%",
              "margin": "2px",
              "width": "32%",
            }
          }
          type="button"
        />
        <button
          act_status={false}
          className="hover-grow"
          onClick={[Function]}
          style={
            Object {
              "background": "#c8e1ff",
              "border": "none",
              "borderRadius": "6px",
              "cursor": "pointer",
              "height": "32%",
              "margin": "2px",
              "width": "32%",
            }
          }
          type="button"
        />
        <button
          act_status={false}
          className="hover-grow"
          onClick={[Function]}
          style={
            Object {
              "background": "#c8e1ff",
              "border": "none",
              "borderRadius": "6px",
              "cursor": "pointer",
              "height": "32%",
              "margin": "2px",
              "width": "32%",
            }
          }
          type="button"
        />
        <button
          act_status={false}
          className="hover-grow"
          onClick={[Function]}
          style={
            Object {
              "background": "#c8e1ff",
              "border": "none",
              "borderRadius": "6px",
              "cursor": "pointer",
              "height": "32%",
              "margin": "2px",
              "width": "32%",
            }
          }
          type="button"
        />
        <button
          act_status={false}
          className="hover-grow"
          onClick={[Function]}
          style={
            Object {
              "background": "#c8e1ff",
              "border": "none",
              "borderRadius": "6px",
              "cursor": "pointer",
              "height": "32%",
              "margin": "2px",
              "width": "32%",
            }
          }
          type="button"
        />
        <button
          act_status={false}
          className="hover-grow"
          onClick={[Function]}
          style={
            Object {
              "background": "#c8e1ff",
              "border": "none",
              "borderRadius": "6px",
              "cursor": "pointer",
              "height": "32%",
              "margin": "2px",
              "width": "32%",
            }
          }
          type="button"
        />
        <button
          act_status={false}
          className="hover-grow"
          onClick={[Function]}
          style={
            Object {
              "background": "#c8e1ff",
              "border": "none",
              "borderRadius": "6px",
              "cursor": "pointer",
              "height": "32%",
              "margin": "2px",
              "width": "32%",
            }
          }
          type="button"
        />
        <button
          act_status={false}
          className="hover-grow"
          onClick={[Function]}
          style={
            Object {
              "background": "#c8e1ff",
              "border": "none",
              "borderRadius": "6px",
              "cursor": "pointer",
              "height": "32%",
              "margin": "2px",
              "width": "32%",
            }
          }
          type="button"
        />
      </div>
    </div>
  </main>
</div>
`;
